// Jest Snapshot v1, https://goo.gl/fbAQLP

exports[`render testing <App/> 1`] = `
<View>
  <Image
    source={1}
    style={
      Object {
        "height": "100%",
        "width": "100%",
      }
    }
  />
</View>
`;
